2025-09-11 07:01:52,286 - INFO - Processing OECD_TPG_ES_2010.pdf
2025-09-11 07:01:53,793 - INFO - Successfully processed OECD_TPG_ES_2010.pdf: 424 pages, 12 sections
2025-09-11 07:01:53,807 - INFO - Processing OECD_TPG_FR_2017.pdf
2025-09-11 07:01:56,924 - INFO - Successfully processed OECD_TPG_FR_2017.pdf: 644 pages, 12 sections
2025-09-11 07:02:05,240 - INFO - Processing OECD_TPG_ES_2010.pdf
2025-09-11 07:02:06,721 - INFO - Successfully processed OECD_TPG_ES_2010.pdf: 424 pages, 12 sections
2025-09-11 07:02:43,877 - INFO - Found 1 PDF files to process
2025-09-11 07:02:43,880 - INFO - Processing OECD_TPG_EN_2022.pdf
2025-09-11 07:02:48,551 - INFO - Successfully processed OECD_TPG_EN_2022.pdf: 634 pages, 1 sections
2025-09-11 07:02:48,669 - INFO - Saved EN_2022.json
2025-09-11 07:04:13,416 - INFO - Processing OECD_TPG_ES_2010.pdf
2025-09-11 07:04:14,971 - INFO - Successfully processed OECD_TPG_ES_2010.pdf: 424 pages, 12 sections
2025-09-11 07:04:14,985 - INFO - Processing OECD_TPG_FR_2017.pdf
2025-09-11 07:04:18,037 - INFO - Successfully processed OECD_TPG_FR_2017.pdf: 644 pages, 12 sections
2025-09-11 07:07:32,371 - INFO - Processing OECD_TPG_ES_2010.pdf
2025-09-11 07:07:34,167 - INFO - Successfully processed OECD_TPG_ES_2010.pdf: 424 pages, 12 sections
2025-09-11 07:07:53,159 - INFO - Processing OECD_TPG_EN_2022.pdf
2025-09-11 07:07:55,992 - ERROR - Error processing OECD_TPG_EN_2022.pdf: unbalanced parenthesis at position 31
2025-09-11 07:08:56,520 - INFO - Processing OECD_TPG_EN_2022.pdf
2025-09-11 07:08:58,594 - DEBUG - Found section: Preface (skip: False)
2025-09-11 07:08:58,595 - DEBUG - Found section: Preface (skip: False)
2025-09-11 07:08:58,596 - DEBUG - Found section: Table_of_contents (skip: True)
2025-09-11 07:08:58,598 - DEBUG - Found section: Table_of_contents (skip: True)
2025-09-11 07:08:58,599 - DEBUG - Found section: Preface (skip: False)
2025-09-11 07:08:58,600 - DEBUG - Found section: Preface (skip: False)
2025-09-11 07:08:58,603 - DEBUG - Found section: Abbreviations (skip: True)
2025-09-11 07:08:58,604 - DEBUG - Found section: Glossary (skip: True)
2025-09-11 07:08:58,606 - DEBUG - Found section: Glossary (skip: True)
2025-09-11 07:08:58,607 - DEBUG - Found section: Glossary (skip: True)
2025-09-11 07:08:58,610 - DEBUG - Found section: Glossary (skip: True)
2025-09-11 07:08:58,611 - DEBUG - Found section: Glossary (skip: True)
2025-09-11 07:08:58,611 - DEBUG - Found section: Chapter_I (skip: False)
2025-09-11 07:08:58,612 - DEBUG - Found section: Chapter_I (skip: False)
2025-09-11 07:08:58,614 - DEBUG - Found section: Chapter_I (skip: False)
2025-09-11 07:08:58,615 - DEBUG - Found section: Chapter_I (skip: False)
2025-09-11 07:08:58,616 - DEBUG - Found section: Chapter_I (skip: False)
2025-09-11 07:08:58,618 - DEBUG - Found section: Chapter_I (skip: False)
2025-09-11 07:08:58,619 - DEBUG - Found section: Chapter_I (skip: False)
2025-09-11 07:08:58,622 - DEBUG - Found section: Chapter_I (skip: False)
2025-09-11 07:08:58,624 - DEBUG - Found section: Chapter_I (skip: False)
2025-09-11 07:08:58,626 - DEBUG - Found section: Chapter_I (skip: False)
2025-09-11 07:08:58,627 - DEBUG - Found section: Chapter_I (skip: False)
2025-09-11 07:08:58,628 - DEBUG - Found section: Chapter_I (skip: False)
2025-09-11 07:08:58,630 - DEBUG - Found section: Chapter_I (skip: False)
2025-09-11 07:08:58,631 - DEBUG - Found section: Chapter_I (skip: False)
2025-09-11 07:08:58,633 - DEBUG - Found section: Chapter_I (skip: False)
2025-09-11 07:08:58,635 - DEBUG - Found section: Chapter_I (skip: False)
2025-09-11 07:08:58,636 - DEBUG - Found section: Chapter_I (skip: False)
2025-09-11 07:08:58,639 - DEBUG - Found section: Chapter_I (skip: False)
2025-09-11 07:08:58,641 - DEBUG - Found section: Chapter_I (skip: False)
2025-09-11 07:08:58,644 - DEBUG - Found section: Chapter_I (skip: False)
2025-09-11 07:08:58,645 - DEBUG - Found section: Chapter_I (skip: False)
2025-09-11 07:08:58,647 - DEBUG - Found section: Chapter_I (skip: False)
2025-09-11 07:08:58,648 - DEBUG - Found section: Chapter_I (skip: False)
2025-09-11 07:08:58,649 - DEBUG - Found section: Chapter_I (skip: False)
2025-09-11 07:08:58,650 - DEBUG - Found section: Chapter_I (skip: False)
2025-09-11 07:08:58,652 - DEBUG - Found section: Chapter_I (skip: False)
2025-09-11 07:08:58,654 - DEBUG - Found section: Chapter_I (skip: False)
2025-09-11 07:08:58,656 - DEBUG - Found section: Chapter_I (skip: False)
2025-09-11 07:08:58,657 - DEBUG - Found section: Chapter_I (skip: False)
2025-09-11 07:08:58,659 - DEBUG - Found section: Chapter_I (skip: False)
2025-09-11 07:08:58,660 - DEBUG - Found section: Chapter_I (skip: False)
2025-09-11 07:08:58,661 - DEBUG - Found section: Chapter_I (skip: False)
2025-09-11 07:08:58,661 - DEBUG - Found section: Chapter_II (skip: False)
2025-09-11 07:08:58,662 - DEBUG - Found section: Chapter_II (skip: False)
2025-09-11 07:08:58,663 - DEBUG - Found section: Chapter_II (skip: False)
2025-09-11 07:08:58,665 - DEBUG - Found section: Chapter_II (skip: False)
2025-09-11 07:08:58,666 - DEBUG - Found section: Chapter_II (skip: False)
2025-09-11 07:08:58,667 - DEBUG - Found section: Chapter_II (skip: False)
2025-09-11 07:08:58,669 - DEBUG - Found section: Chapter_II (skip: False)
2025-09-11 07:08:58,671 - DEBUG - Found section: Chapter_II (skip: False)
2025-09-11 07:08:58,672 - DEBUG - Found section: Chapter_II (skip: False)
2025-09-11 07:08:58,674 - DEBUG - Found section: Chapter_II (skip: False)
2025-09-11 07:08:58,675 - DEBUG - Found section: Chapter_II (skip: False)
2025-09-11 07:08:58,676 - DEBUG - Found section: Chapter_II (skip: False)
2025-09-11 07:08:58,677 - DEBUG - Found section: Chapter_II (skip: False)
2025-09-11 07:08:58,679 - DEBUG - Found section: Chapter_II (skip: False)
2025-09-11 07:08:58,680 - DEBUG - Found section: Chapter_II (skip: False)
2025-09-11 07:08:58,682 - DEBUG - Found section: Chapter_II (skip: False)
2025-09-11 07:08:58,685 - DEBUG - Found section: Chapter_II (skip: False)
2025-09-11 07:08:58,687 - DEBUG - Found section: Chapter_II (skip: False)
2025-09-11 07:08:58,690 - DEBUG - Found section: Chapter_II (skip: False)
2025-09-11 07:08:58,693 - DEBUG - Found section: Chapter_II (skip: False)
2025-09-11 07:08:58,695 - DEBUG - Found section: Chapter_II (skip: False)
2025-09-11 07:08:58,697 - DEBUG - Found section: Chapter_II (skip: False)
2025-09-11 07:08:58,698 - DEBUG - Found section: Chapter_II (skip: False)
2025-09-11 07:08:58,699 - DEBUG - Found section: Chapter_II (skip: False)
2025-09-11 07:08:58,701 - DEBUG - Found section: Chapter_II (skip: False)
2025-09-11 07:08:58,703 - DEBUG - Found section: Chapter_II (skip: False)
2025-09-11 07:08:58,705 - DEBUG - Found section: Chapter_II (skip: False)
2025-09-11 07:08:58,707 - DEBUG - Found section: Chapter_II (skip: False)
2025-09-11 07:08:58,708 - DEBUG - Found section: Chapter_III (skip: False)
2025-09-11 07:08:58,709 - DEBUG - Found section: Chapter_III (skip: False)
2025-09-11 07:08:58,710 - DEBUG - Found section: Chapter_III (skip: False)
2025-09-11 07:08:58,711 - DEBUG - Found section: Chapter_III (skip: False)
2025-09-11 07:08:58,713 - DEBUG - Found section: Chapter_III (skip: False)
2025-09-11 07:08:58,714 - DEBUG - Found section: Chapter_III (skip: False)
2025-09-11 07:08:58,715 - DEBUG - Found section: Chapter_III (skip: False)
2025-09-11 07:08:58,717 - DEBUG - Found section: Chapter_III (skip: False)
2025-09-11 07:08:58,718 - DEBUG - Found section: Chapter_III (skip: False)
2025-09-11 07:08:58,719 - DEBUG - Found section: Chapter_III (skip: False)
2025-09-11 07:08:58,721 - DEBUG - Found section: Chapter_III (skip: False)
2025-09-11 07:08:58,723 - DEBUG - Found section: Chapter_III (skip: False)
2025-09-11 07:08:58,724 - DEBUG - Found section: Chapter_IV (skip: False)
2025-09-11 07:08:58,725 - DEBUG - Found section: Chapter_IV (skip: False)
2025-09-11 07:08:58,726 - DEBUG - Found section: Chapter_IV (skip: False)
2025-09-11 07:08:58,728 - DEBUG - Found section: Chapter_IV (skip: False)
2025-09-11 07:08:58,729 - DEBUG - Found section: Chapter_IV (skip: False)
2025-09-11 07:08:58,730 - DEBUG - Found section: Chapter_IV (skip: False)
2025-09-11 07:08:58,731 - DEBUG - Found section: Chapter_IV (skip: False)
2025-09-11 07:08:58,733 - DEBUG - Found section: Chapter_IV (skip: False)
2025-09-11 07:08:58,734 - DEBUG - Found section: Chapter_IV (skip: False)
2025-09-11 07:08:58,735 - DEBUG - Found section: Chapter_IV (skip: False)
2025-09-11 07:08:58,737 - DEBUG - Found section: Chapter_IV (skip: False)
2025-09-11 07:08:58,738 - DEBUG - Found section: Chapter_IV (skip: False)
2025-09-11 07:08:58,740 - DEBUG - Found section: Chapter_IV (skip: False)
2025-09-11 07:08:58,741 - DEBUG - Found section: Chapter_IV (skip: False)
2025-09-11 07:08:58,742 - DEBUG - Found section: Chapter_IV (skip: False)
2025-09-11 07:08:58,744 - DEBUG - Found section: Chapter_IV (skip: False)
2025-09-11 07:08:58,745 - DEBUG - Found section: Chapter_IV (skip: False)
2025-09-11 07:08:58,746 - DEBUG - Found section: Chapter_IV (skip: False)
2025-09-11 07:08:58,747 - DEBUG - Found section: Chapter_IV (skip: False)
2025-09-11 07:08:58,748 - DEBUG - Found section: Chapter_IV (skip: False)
2025-09-11 07:08:58,750 - DEBUG - Found section: Chapter_IV (skip: False)
2025-09-11 07:08:58,751 - DEBUG - Found section: Chapter_IV (skip: False)
2025-09-11 07:08:58,752 - DEBUG - Found section: Chapter_IV (skip: False)
2025-09-11 07:08:58,754 - DEBUG - Found section: Chapter_IV (skip: False)
2025-09-11 07:08:58,755 - DEBUG - Found section: Chapter_IV (skip: False)
2025-09-11 07:08:58,757 - DEBUG - Found section: Chapter_IV (skip: False)
2025-09-11 07:08:58,758 - DEBUG - Found section: Chapter_IV (skip: False)
2025-09-11 07:08:58,759 - DEBUG - Found section: Chapter_V (skip: False)
2025-09-11 07:08:58,760 - DEBUG - Found section: Chapter_V (skip: False)
2025-09-11 07:08:58,761 - DEBUG - Found section: Chapter_V (skip: False)
2025-09-11 07:08:58,762 - DEBUG - Found section: Annex_I (skip: False)
2025-09-11 07:08:58,763 - DEBUG - Found section: Chapter_V (skip: False)
2025-09-11 07:08:58,763 - DEBUG - Found section: Annex_I (skip: False)
2025-09-11 07:08:58,763 - DEBUG - Found section: Annex_I (skip: False)
2025-09-11 07:08:58,764 - DEBUG - Found section: Chapter_V (skip: False)
2025-09-11 07:08:58,765 - DEBUG - Found section: Chapter_V (skip: False)
2025-09-11 07:08:58,766 - DEBUG - Found section: Chapter_V (skip: False)
2025-09-11 07:08:58,767 - DEBUG - Found section: Chapter_V (skip: False)
2025-09-11 07:08:58,768 - DEBUG - Found section: Annex_I (skip: False)
2025-09-11 07:08:58,768 - DEBUG - Found section: Chapter_V (skip: False)
2025-09-11 07:08:58,769 - DEBUG - Found section: Chapter_VI (skip: False)
2025-09-11 07:08:58,771 - DEBUG - Found section: Chapter_VI (skip: False)
2025-09-11 07:08:58,773 - DEBUG - Found section: Chapter_VI (skip: False)
2025-09-11 07:08:58,774 - DEBUG - Found section: Chapter_VI (skip: False)
2025-09-11 07:08:58,775 - DEBUG - Found section: Chapter_VI (skip: False)
2025-09-11 07:08:58,777 - DEBUG - Found section: Chapter_VI (skip: False)
2025-09-11 07:08:58,778 - DEBUG - Found section: Chapter_VI (skip: False)
2025-09-11 07:08:58,779 - DEBUG - Found section: Chapter_VI (skip: False)
2025-09-11 07:08:58,780 - DEBUG - Found section: Chapter_VI (skip: False)
2025-09-11 07:08:58,781 - DEBUG - Found section: Chapter_VI (skip: False)
2025-09-11 07:08:58,783 - DEBUG - Found section: Chapter_VI (skip: False)
2025-09-11 07:08:58,784 - DEBUG - Found section: Chapter_VI (skip: False)
2025-09-11 07:08:58,785 - DEBUG - Found section: Chapter_VI (skip: False)
2025-09-11 07:08:58,787 - DEBUG - Found section: Chapter_VI (skip: False)
2025-09-11 07:08:58,789 - DEBUG - Found section: Chapter_VI (skip: False)
2025-09-11 07:08:58,790 - DEBUG - Found section: Chapter_VI (skip: False)
2025-09-11 07:08:58,792 - DEBUG - Found section: Chapter_VI (skip: False)
2025-09-11 07:08:58,793 - DEBUG - Found section: Chapter_VI (skip: False)
2025-09-11 07:08:58,795 - DEBUG - Found section: Chapter_VI (skip: False)
2025-09-11 07:08:58,796 - DEBUG - Found section: Chapter_VI (skip: False)
2025-09-11 07:08:58,797 - DEBUG - Found section: Chapter_VI (skip: False)
2025-09-11 07:08:58,799 - DEBUG - Found section: Chapter_VI (skip: False)
2025-09-11 07:08:58,800 - DEBUG - Found section: Chapter_VI (skip: False)
2025-09-11 07:08:58,801 - DEBUG - Found section: Chapter_VI (skip: False)
2025-09-11 07:08:58,803 - DEBUG - Found section: Chapter_VI (skip: False)
2025-09-11 07:08:58,805 - DEBUG - Found section: Chapter_VI (skip: False)
2025-09-11 07:08:58,806 - DEBUG - Found section: Chapter_VI (skip: False)
2025-09-11 07:08:58,808 - DEBUG - Found section: Chapter_VI (skip: False)
2025-09-11 07:08:58,809 - DEBUG - Found section: Chapter_VI (skip: False)
2025-09-11 07:08:58,810 - DEBUG - Found section: Chapter_VI (skip: False)
2025-09-11 07:08:58,811 - DEBUG - Found section: Chapter_VI (skip: False)
2025-09-11 07:08:58,812 - DEBUG - Found section: Chapter_VI (skip: False)
2025-09-11 07:08:58,814 - DEBUG - Found section: Chapter_VI (skip: False)
2025-09-11 07:08:58,815 - DEBUG - Found section: Chapter_VI (skip: False)
2025-09-11 07:08:58,815 - DEBUG - Found section: Chapter_VII (skip: False)
2025-09-11 07:08:58,816 - DEBUG - Found section: Chapter_VII (skip: False)
2025-09-11 07:08:58,817 - DEBUG - Found section: Chapter_VII (skip: False)
2025-09-11 07:08:58,818 - DEBUG - Found section: Chapter_VII (skip: False)
2025-09-11 07:08:58,820 - DEBUG - Found section: Chapter_VII (skip: False)
2025-09-11 07:08:58,821 - DEBUG - Found section: Chapter_VII (skip: False)
2025-09-11 07:08:58,822 - DEBUG - Found section: Chapter_VII (skip: False)
2025-09-11 07:08:58,824 - DEBUG - Found section: Chapter_VII (skip: False)
2025-09-11 07:08:58,825 - DEBUG - Found section: Chapter_VII (skip: False)
2025-09-11 07:08:58,826 - DEBUG - Found section: Chapter_VII (skip: False)
2025-09-11 07:08:58,827 - DEBUG - Found section: Chapter_VII (skip: False)
2025-09-11 07:08:58,829 - DEBUG - Found section: Chapter_VII (skip: False)
2025-09-11 07:08:58,829 - DEBUG - Found section: Chapter_VIII (skip: False)
2025-09-11 07:08:58,830 - DEBUG - Found section: Chapter_VIII (skip: False)
2025-09-11 07:08:58,831 - DEBUG - Found section: Chapter_VI (skip: False)
2025-09-11 07:08:58,831 - DEBUG - Found section: Chapter_VII (skip: False)
2025-09-11 07:08:58,832 - DEBUG - Found section: Chapter_VIII (skip: False)
2025-09-11 07:08:58,833 - DEBUG - Found section: Chapter_VIII (skip: False)
2025-09-11 07:08:58,834 - DEBUG - Found section: Chapter_VIII (skip: False)
2025-09-11 07:08:58,836 - DEBUG - Found section: Chapter_VIII (skip: False)
2025-09-11 07:08:58,839 - DEBUG - Found section: Chapter_VIII (skip: False)
2025-09-11 07:08:58,842 - DEBUG - Found section: Chapter_VIII (skip: False)
2025-09-11 07:08:58,843 - DEBUG - Found section: Chapter_VIII (skip: False)
2025-09-11 07:08:58,844 - DEBUG - Found section: Chapter_VIII (skip: False)
2025-09-11 07:08:58,845 - DEBUG - Found section: Chapter_IX (skip: False)
2025-09-11 07:08:58,846 - DEBUG - Found section: Chapter_IX (skip: False)
2025-09-11 07:08:58,846 - DEBUG - Found section: Chapter_IX (skip: False)
2025-09-11 07:08:58,847 - DEBUG - Found section: Chapter_IX (skip: False)
2025-09-11 07:08:58,850 - DEBUG - Found section: Chapter_IX (skip: False)
2025-09-11 07:08:58,852 - DEBUG - Found section: Chapter_IX (skip: False)
2025-09-11 07:08:58,855 - DEBUG - Found section: Chapter_IX (skip: False)
2025-09-11 07:08:58,858 - DEBUG - Found section: Chapter_IX (skip: False)
2025-09-11 07:08:58,860 - DEBUG - Found section: Chapter_IX (skip: False)
2025-09-11 07:08:58,861 - DEBUG - Found section: Chapter_IX (skip: False)
2025-09-11 07:08:58,862 - DEBUG - Found section: Chapter_IX (skip: False)
2025-09-11 07:08:58,863 - DEBUG - Found section: Chapter_IX (skip: False)
2025-09-11 07:08:58,864 - DEBUG - Found section: Chapter_IX (skip: False)
2025-09-11 07:08:58,866 - DEBUG - Found section: Chapter_IX (skip: False)
2025-09-11 07:08:58,867 - DEBUG - Found section: Chapter_IX (skip: False)
2025-09-11 07:08:58,868 - DEBUG - Found section: Chapter_IX (skip: False)
2025-09-11 07:08:58,869 - DEBUG - Found section: Chapter_IX (skip: False)
2025-09-11 07:08:58,871 - DEBUG - Found section: Chapter_IX (skip: False)
2025-09-11 07:08:58,874 - DEBUG - Found section: Chapter_IX (skip: False)
2025-09-11 07:08:58,876 - DEBUG - Found section: Chapter_IX (skip: False)
2025-09-11 07:08:58,877 - DEBUG - Found section: Chapter_IX (skip: False)
2025-09-11 07:08:58,879 - DEBUG - Found section: Chapter_IX (skip: False)
2025-09-11 07:08:58,880 - DEBUG - Found section: Chapter_IX (skip: False)
2025-09-11 07:08:58,881 - DEBUG - Found section: Chapter_X (skip: False)
2025-09-11 07:08:58,882 - DEBUG - Found section: Chapter_X (skip: False)
2025-09-11 07:08:58,883 - DEBUG - Found section: Chapter_X (skip: False)
2025-09-11 07:08:58,885 - DEBUG - Found section: Chapter_X (skip: False)
2025-09-11 07:08:58,886 - DEBUG - Found section: Chapter_X (skip: False)
2025-09-11 07:08:58,887 - DEBUG - Found section: Chapter_X (skip: False)
2025-09-11 07:08:58,889 - DEBUG - Found section: Chapter_X (skip: False)
2025-09-11 07:08:58,892 - DEBUG - Found section: Chapter_X (skip: False)
2025-09-11 07:08:58,894 - DEBUG - Found section: Chapter_X (skip: False)
2025-09-11 07:08:58,895 - DEBUG - Found section: Chapter_X (skip: False)
2025-09-11 07:08:58,896 - DEBUG - Found section: Chapter_X (skip: False)
2025-09-11 07:08:58,897 - DEBUG - Found section: Chapter_X (skip: False)
2025-09-11 07:08:58,899 - DEBUG - Found section: Chapter_X (skip: False)
2025-09-11 07:08:58,900 - DEBUG - Found section: Chapter_X (skip: False)
2025-09-11 07:08:58,901 - DEBUG - Found section: Chapter_X (skip: False)
2025-09-11 07:08:58,902 - DEBUG - Found section: Chapter_X (skip: False)
2025-09-11 07:08:58,904 - DEBUG - Found section: Chapter_X (skip: False)
2025-09-11 07:08:58,907 - DEBUG - Found section: Chapter_X (skip: False)
2025-09-11 07:08:58,908 - DEBUG - Found section: Chapter_X (skip: False)
2025-09-11 07:08:58,910 - DEBUG - Found section: Chapter_X (skip: False)
2025-09-11 07:08:58,911 - DEBUG - Found section: Chapter_X (skip: False)
2025-09-11 07:08:58,913 - DEBUG - Found section: Chapter_X (skip: False)
2025-09-11 07:08:58,914 - DEBUG - Found section: Chapter_X (skip: False)
2025-09-11 07:08:58,915 - DEBUG - Found section: Chapter_X (skip: False)
2025-09-11 07:08:58,918 - DEBUG - Found section: Chapter_X (skip: False)
2025-09-11 07:08:58,918 - DEBUG - Found section: List_of_annexes (skip: True)
2025-09-11 07:08:58,925 - DEBUG - Found section: Annex_I (skip: False)
2025-09-11 07:08:58,926 - DEBUG - Found section: Annex_I (skip: False)
2025-09-11 07:08:58,927 - DEBUG - Found section: Annex_I (skip: False)
2025-09-11 07:08:58,927 - DEBUG - Found section: Annex_I (skip: False)
2025-09-11 07:08:58,929 - DEBUG - Found section: Annex_I (skip: False)
2025-09-11 07:08:58,931 - DEBUG - Found section: Annex_I (skip: False)
2025-09-11 07:08:58,933 - DEBUG - Found section: Annex_I (skip: False)
2025-09-11 07:08:58,935 - DEBUG - Found section: Annex_I (skip: False)
2025-09-11 07:08:58,938 - DEBUG - Found section: Annex_I (skip: False)
2025-09-11 07:08:58,941 - DEBUG - Found section: Annex_I (skip: False)
2025-09-11 07:08:58,942 - DEBUG - Found section: Annex_I (skip: False)
2025-09-11 07:08:58,943 - DEBUG - Found section: Annex_I (skip: False)
2025-09-11 07:08:58,944 - DEBUG - Found section: Annex_I (skip: False)
2025-09-11 07:08:58,946 - DEBUG - Found section: Annex_I (skip: False)
2025-09-11 07:08:58,947 - DEBUG - Found section: Annex_T (skip: False)
2025-09-11 07:08:58,948 - DEBUG - Found section: Annex_T (skip: False)
2025-09-11 07:08:58,951 - DEBUG - Found section: Annex_I (skip: False)
2025-09-11 07:08:58,953 - DEBUG - Found section: Annex_I (skip: False)
2025-09-11 07:08:58,956 - DEBUG - Found section: Annex_I (skip: False)
2025-09-11 07:08:58,958 - DEBUG - Found section: Annex_I (skip: False)
2025-09-11 07:08:58,961 - DEBUG - Found section: Annex_I (skip: False)
2025-09-11 07:08:58,962 - DEBUG - Found section: Annex_I (skip: False)
2025-09-11 07:08:58,963 - DEBUG - Found section: Annex_I (skip: False)
2025-09-11 07:08:58,964 - DEBUG - Found section: Annex_I (skip: False)
2025-09-11 07:08:58,965 - DEBUG - Found section: Annex_I (skip: False)
2025-09-11 07:08:58,966 - DEBUG - Found section: Annex_I (skip: False)
2025-09-11 07:08:58,968 - DEBUG - Found section: Annex_I (skip: False)
2025-09-11 07:08:58,968 - DEBUG - Found section: Annex_I (skip: False)
2025-09-11 07:08:58,970 - DEBUG - Found section: Annex_I (skip: False)
2025-09-11 07:08:58,973 - DEBUG - Found section: Annex_I (skip: False)
2025-09-11 07:08:58,976 - DEBUG - Found section: Annex_I (skip: False)
2025-09-11 07:08:58,978 - DEBUG - Found section: Annex_I (skip: False)
2025-09-11 07:08:58,979 - DEBUG - Found section: Annex_I (skip: False)
2025-09-11 07:08:58,980 - DEBUG - Found section: Table_of_contents (skip: True)
2025-09-11 07:08:58,981 - DEBUG - Found section: Annex_I (skip: False)
2025-09-11 07:08:58,982 - DEBUG - Found section: Annex_I (skip: False)
2025-09-11 07:08:58,983 - DEBUG - Found section: Annex_I (skip: False)
2025-09-11 07:08:58,984 - DEBUG - Found section: Annex_I (skip: False)
2025-09-11 07:08:58,986 - DEBUG - Found section: Annex_I (skip: False)
2025-09-11 07:08:58,988 - DEBUG - Found section: Annex_I (skip: False)
2025-09-11 07:08:58,990 - DEBUG - Found section: Annex_I (skip: False)
2025-09-11 07:08:58,991 - DEBUG - Found section: Annex_I (skip: False)
2025-09-11 07:08:58,993 - DEBUG - Found section: Annex_I (skip: False)
2025-09-11 07:08:58,994 - DEBUG - Found section: Annex_I (skip: False)
2025-09-11 07:08:58,994 - DEBUG - Found section: Annex_I (skip: False)
2025-09-11 07:08:58,995 - DEBUG - Found section: Annex_I (skip: False)
2025-09-11 07:08:58,995 - DEBUG - Found section: Annex_I (skip: False)
2025-09-11 07:08:58,995 - DEBUG - Found section: Annex_I (skip: False)
2025-09-11 07:08:58,996 - DEBUG - Found section: Glossary (skip: True)
2025-09-11 07:08:58,996 - DEBUG - Found section: Annex_I (skip: False)
2025-09-11 07:08:58,998 - DEBUG - Found section: Annex_I (skip: False)
2025-09-11 07:08:58,998 - DEBUG - Found section: Annex_I (skip: False)
2025-09-11 07:08:58,999 - DEBUG - Found section: Annex_I (skip: False)
2025-09-11 07:08:59,000 - DEBUG - Found section: Annex_I (skip: False)
2025-09-11 07:08:59,001 - DEBUG - Found section: Annex_I (skip: False)
2025-09-11 07:08:59,001 - DEBUG - Found section: Annex_I (skip: False)
2025-09-11 07:08:59,002 - DEBUG - Found section: Annex_I (skip: False)
2025-09-11 07:08:59,004 - DEBUG - Found section: Annex_I (skip: False)
2025-09-11 07:08:59,006 - DEBUG - Found section: Annex_I (skip: False)
2025-09-11 07:08:59,008 - DEBUG - Found section: Annex_I (skip: False)
2025-09-11 07:08:59,010 - DEBUG - Found section: Annex_I (skip: False)
2025-09-11 07:08:59,010 - DEBUG - Found section: Annex_I (skip: False)
2025-09-11 07:08:59,012 - DEBUG - Found section: Annex_I (skip: False)
2025-09-11 07:08:59,013 - DEBUG - Found section: Annex_I (skip: False)
2025-09-11 07:08:59,014 - DEBUG - Found section: Annex_I (skip: False)
2025-09-11 07:08:59,014 - DEBUG - Found section: Annex_I (skip: False)
2025-09-11 07:08:59,015 - DEBUG - Found section: Annex_I (skip: False)
2025-09-11 07:08:59,016 - DEBUG - Found section: Annex_I (skip: False)
2025-09-11 07:08:59,017 - DEBUG - Found section: Annex_I (skip: False)
2025-09-11 07:08:59,018 - DEBUG - Found section: Annex_I (skip: False)
2025-09-11 07:08:59,020 - DEBUG - Found section: Annex_I (skip: False)
2025-09-11 07:08:59,021 - DEBUG - Found section: Annex_I (skip: False)
2025-09-11 07:08:59,021 - DEBUG - Found section: Annex_I (skip: False)
2025-09-11 07:08:59,023 - DEBUG - Found section: Annex_I (skip: False)
2025-09-11 07:08:59,024 - DEBUG - Found section: Annex_I (skip: False)
2025-09-11 07:08:59,026 - DEBUG - Found section: Annex_I (skip: False)
2025-09-11 07:08:59,027 - DEBUG - Found section: Annex_I (skip: False)
2025-09-11 07:08:59,028 - DEBUG - Found section: Annex_I (skip: False)
2025-09-11 07:08:59,029 - DEBUG - Found section: Annex_I (skip: False)
2025-09-11 07:08:59,030 - DEBUG - Found section: Annex_I (skip: False)
2025-09-11 07:08:59,032 - DEBUG - Found section: Annex_I (skip: False)
2025-09-11 07:08:59,034 - DEBUG - Found section: Annex_I (skip: False)
2025-09-11 07:08:59,037 - DEBUG - Found section: Annex_I (skip: False)
2025-09-11 07:08:59,039 - DEBUG - Found section: Annex_I (skip: False)
2025-09-11 07:08:59,041 - DEBUG - Found section: Annex_I (skip: False)
2025-09-11 07:08:59,042 - DEBUG - Found section: Annex_I (skip: False)
2025-09-11 07:08:59,044 - DEBUG - Found section: Annex_I (skip: False)
2025-09-11 07:08:59,045 - DEBUG - Found section: Annex_I (skip: False)
2025-09-11 07:08:59,045 - DEBUG - Found section: Annex_I (skip: False)
2025-09-11 07:08:59,047 - DEBUG - Found section: Annex_I (skip: False)
2025-09-11 07:08:59,048 - DEBUG - Found section: Annex_I (skip: False)
2025-09-11 07:08:59,049 - DEBUG - Found section: Annex_I (skip: False)
2025-09-11 07:08:59,051 - DEBUG - Found section: Annex_I (skip: False)
2025-09-11 07:08:59,052 - DEBUG - Found section: Annex_I (skip: False)
2025-09-11 07:08:59,052 - DEBUG - Found section: Annex_T (skip: False)
2025-09-11 07:08:59,053 - DEBUG - Found section: Annex_T (skip: False)
2025-09-11 07:08:59,056 - DEBUG - Found section: Annex_T (skip: False)
2025-09-11 07:08:59,057 - DEBUG - Found section: Annex_T (skip: False)
2025-09-11 07:08:59,060 - INFO - Successfully processed OECD_TPG_EN_2022.pdf: 634 pages, 13 sections
2025-09-11 07:08:59,073 - INFO - Saved FIXED_EN_2022.json
2025-09-11 07:10:17,333 - INFO - Processing OECD_TPG_EN_2022.pdf
2025-09-11 07:10:19,620 - DEBUG - Found section: Preface (skip: False)
2025-09-11 07:10:19,621 - DEBUG - Found section: Preface (skip: False)
2025-09-11 07:10:19,621 - DEBUG - Found section: Table_of_contents (skip: True)
2025-09-11 07:10:19,623 - DEBUG - Found section: Table_of_contents (skip: True)
2025-09-11 07:10:19,625 - DEBUG - Found section: Preface (skip: False)
2025-09-11 07:10:19,627 - DEBUG - Found section: Preface (skip: False)
2025-09-11 07:10:19,630 - DEBUG - Found section: Abbreviations (skip: True)
2025-09-11 07:10:19,630 - DEBUG - Found section: Glossary (skip: True)
2025-09-11 07:10:19,631 - DEBUG - Found section: Glossary (skip: True)
2025-09-11 07:10:19,632 - DEBUG - Found section: Glossary (skip: True)
2025-09-11 07:10:19,633 - DEBUG - Found section: Glossary (skip: True)
2025-09-11 07:10:19,634 - DEBUG - Found section: Glossary (skip: True)
2025-09-11 07:10:19,634 - DEBUG - Found section: Chapter_I (skip: False)
2025-09-11 07:10:19,635 - DEBUG - Found section: Chapter_I (skip: False)
2025-09-11 07:10:19,637 - DEBUG - Found section: Chapter_I (skip: False)
2025-09-11 07:10:19,638 - DEBUG - Found section: Chapter_I (skip: False)
2025-09-11 07:10:19,639 - DEBUG - Found section: Chapter_I (skip: False)
2025-09-11 07:10:19,641 - DEBUG - Found section: Chapter_I (skip: False)
2025-09-11 07:10:19,645 - DEBUG - Found section: Chapter_I (skip: False)
2025-09-11 07:10:19,647 - DEBUG - Found section: Chapter_I (skip: False)
2025-09-11 07:10:19,649 - DEBUG - Found section: Chapter_I (skip: False)
2025-09-11 07:10:19,650 - DEBUG - Found section: Chapter_I (skip: False)
2025-09-11 07:10:19,652 - DEBUG - Found section: Chapter_I (skip: False)
2025-09-11 07:10:19,653 - DEBUG - Found section: Chapter_I (skip: False)
2025-09-11 07:10:19,654 - DEBUG - Found section: Chapter_I (skip: False)
2025-09-11 07:10:19,656 - DEBUG - Found section: Chapter_I (skip: False)
2025-09-11 07:10:19,657 - DEBUG - Found section: Chapter_I (skip: False)
2025-09-11 07:10:19,658 - DEBUG - Found section: Chapter_I (skip: False)
2025-09-11 07:10:19,660 - DEBUG - Found section: Chapter_I (skip: False)
2025-09-11 07:10:19,663 - DEBUG - Found section: Chapter_I (skip: False)
2025-09-11 07:10:19,664 - DEBUG - Found section: Chapter_I (skip: False)
2025-09-11 07:10:19,666 - DEBUG - Found section: Chapter_I (skip: False)
2025-09-11 07:10:19,668 - DEBUG - Found section: Chapter_I (skip: False)
2025-09-11 07:10:19,669 - DEBUG - Found section: Chapter_I (skip: False)
2025-09-11 07:10:19,670 - DEBUG - Found section: Chapter_I (skip: False)
2025-09-11 07:10:19,672 - DEBUG - Found section: Chapter_I (skip: False)
2025-09-11 07:10:19,673 - DEBUG - Found section: Chapter_I (skip: False)
2025-09-11 07:10:19,674 - DEBUG - Found section: Chapter_I (skip: False)
2025-09-11 07:10:19,676 - DEBUG - Found section: Chapter_I (skip: False)
2025-09-11 07:10:19,678 - DEBUG - Found section: Chapter_I (skip: False)
2025-09-11 07:10:19,680 - DEBUG - Found section: Chapter_I (skip: False)
2025-09-11 07:10:19,681 - DEBUG - Found section: Chapter_I (skip: False)
2025-09-11 07:10:19,684 - DEBUG - Found section: Chapter_I (skip: False)
2025-09-11 07:10:19,685 - DEBUG - Found section: Chapter_I (skip: False)
2025-09-11 07:10:19,685 - DEBUG - Found section: Chapter_II (skip: False)
2025-09-11 07:10:19,687 - DEBUG - Found section: Chapter_II (skip: False)
2025-09-11 07:10:19,688 - DEBUG - Found section: Chapter_II (skip: False)
2025-09-11 07:10:19,689 - DEBUG - Found section: Chapter_II (skip: False)
2025-09-11 07:10:19,690 - DEBUG - Found section: Chapter_II (skip: False)
2025-09-11 07:10:19,692 - DEBUG - Found section: Chapter_II (skip: False)
2025-09-11 07:10:19,694 - DEBUG - Found section: Chapter_II (skip: False)
2025-09-11 07:10:19,697 - DEBUG - Found section: Chapter_II (skip: False)
2025-09-11 07:10:19,698 - DEBUG - Found section: Chapter_II (skip: False)
2025-09-11 07:10:19,700 - DEBUG - Found section: Chapter_II (skip: False)
2025-09-11 07:10:19,701 - DEBUG - Found section: Chapter_II (skip: False)
2025-09-11 07:10:19,702 - DEBUG - Found section: Chapter_II (skip: False)
2025-09-11 07:10:19,703 - DEBUG - Found section: Chapter_II (skip: False)
2025-09-11 07:10:19,705 - DEBUG - Found section: Chapter_II (skip: False)
2025-09-11 07:10:19,706 - DEBUG - Found section: Chapter_II (skip: False)
2025-09-11 07:10:19,707 - DEBUG - Found section: Chapter_II (skip: False)
2025-09-11 07:10:19,709 - DEBUG - Found section: Chapter_II (skip: False)
2025-09-11 07:10:19,712 - DEBUG - Found section: Chapter_II (skip: False)
2025-09-11 07:10:19,714 - DEBUG - Found section: Chapter_II (skip: False)
2025-09-11 07:10:19,717 - DEBUG - Found section: Chapter_II (skip: False)
2025-09-11 07:10:19,719 - DEBUG - Found section: Chapter_II (skip: False)
2025-09-11 07:10:19,720 - DEBUG - Found section: Chapter_II (skip: False)
2025-09-11 07:10:19,722 - DEBUG - Found section: Chapter_II (skip: False)
2025-09-11 07:10:19,723 - DEBUG - Found section: Chapter_II (skip: False)
2025-09-11 07:10:19,724 - DEBUG - Found section: Chapter_II (skip: False)
2025-09-11 07:10:19,725 - DEBUG - Found section: Chapter_II (skip: False)
2025-09-11 07:10:19,728 - DEBUG - Found section: Chapter_II (skip: False)
2025-09-11 07:10:19,730 - DEBUG - Found section: Chapter_II (skip: False)
2025-09-11 07:10:19,731 - DEBUG - Found section: Chapter_III (skip: False)
2025-09-11 07:10:19,733 - DEBUG - Found section: Chapter_III (skip: False)
2025-09-11 07:10:19,734 - DEBUG - Found section: Chapter_III (skip: False)
2025-09-11 07:10:19,736 - DEBUG - Found section: Chapter_III (skip: False)
2025-09-11 07:10:19,737 - DEBUG - Found section: Chapter_III (skip: False)
2025-09-11 07:10:19,739 - DEBUG - Found section: Chapter_III (skip: False)
2025-09-11 07:10:19,740 - DEBUG - Found section: Chapter_III (skip: False)
2025-09-11 07:10:19,741 - DEBUG - Found section: Chapter_III (skip: False)
2025-09-11 07:10:19,743 - DEBUG - Found section: Chapter_III (skip: False)
2025-09-11 07:10:19,746 - DEBUG - Found section: Chapter_III (skip: False)
2025-09-11 07:10:19,747 - DEBUG - Found section: Chapter_III (skip: False)
2025-09-11 07:10:19,748 - DEBUG - Found section: Chapter_III (skip: False)
2025-09-11 07:10:19,749 - DEBUG - Found section: Chapter_IV (skip: False)
2025-09-11 07:10:19,750 - DEBUG - Found section: Chapter_IV (skip: False)
2025-09-11 07:10:19,752 - DEBUG - Found section: Chapter_IV (skip: False)
2025-09-11 07:10:19,753 - DEBUG - Found section: Chapter_IV (skip: False)
2025-09-11 07:10:19,755 - DEBUG - Found section: Chapter_IV (skip: False)
2025-09-11 07:10:19,756 - DEBUG - Found section: Chapter_IV (skip: False)
2025-09-11 07:10:19,758 - DEBUG - Found section: Chapter_IV (skip: False)
2025-09-11 07:10:19,759 - DEBUG - Found section: Chapter_IV (skip: False)
2025-09-11 07:10:19,762 - DEBUG - Found section: Chapter_IV (skip: False)
2025-09-11 07:10:19,764 - DEBUG - Found section: Chapter_IV (skip: False)
2025-09-11 07:10:19,766 - DEBUG - Found section: Chapter_IV (skip: False)
2025-09-11 07:10:19,767 - DEBUG - Found section: Chapter_IV (skip: False)
2025-09-11 07:10:19,769 - DEBUG - Found section: Chapter_IV (skip: False)
2025-09-11 07:10:19,770 - DEBUG - Found section: Chapter_IV (skip: False)
2025-09-11 07:10:19,771 - DEBUG - Found section: Chapter_IV (skip: False)
2025-09-11 07:10:19,773 - DEBUG - Found section: Chapter_IV (skip: False)
2025-09-11 07:10:19,774 - DEBUG - Found section: Chapter_IV (skip: False)
2025-09-11 07:10:19,775 - DEBUG - Found section: Chapter_IV (skip: False)
2025-09-11 07:10:19,777 - DEBUG - Found section: Chapter_IV (skip: False)
2025-09-11 07:10:19,778 - DEBUG - Found section: Chapter_IV (skip: False)
2025-09-11 07:10:19,779 - DEBUG - Found section: Chapter_IV (skip: False)
2025-09-11 07:10:19,781 - DEBUG - Found section: Chapter_IV (skip: False)
2025-09-11 07:10:19,784 - DEBUG - Found section: Chapter_IV (skip: False)
2025-09-11 07:10:19,786 - DEBUG - Found section: Chapter_IV (skip: False)
2025-09-11 07:10:19,787 - DEBUG - Found section: Chapter_IV (skip: False)
2025-09-11 07:10:19,788 - DEBUG - Found section: Chapter_IV (skip: False)
2025-09-11 07:10:19,789 - DEBUG - Found section: Chapter_IV (skip: False)
2025-09-11 07:10:19,790 - DEBUG - Found section: Chapter_V (skip: False)
2025-09-11 07:10:19,791 - DEBUG - Found section: Chapter_V (skip: False)
2025-09-11 07:10:19,793 - DEBUG - Found section: Chapter_V (skip: False)
2025-09-11 07:10:19,794 - DEBUG - Found section: Annex_I (skip: False)
2025-09-11 07:10:19,795 - DEBUG - Found section: Chapter_V (skip: False)
2025-09-11 07:10:19,795 - DEBUG - Found section: Annex_I (skip: False)
2025-09-11 07:10:19,796 - DEBUG - Found section: Annex_I (skip: False)
2025-09-11 07:10:19,797 - DEBUG - Found section: Chapter_V (skip: False)
2025-09-11 07:10:19,798 - DEBUG - Found section: Chapter_V (skip: False)
2025-09-11 07:10:19,799 - DEBUG - Found section: Chapter_V (skip: False)
2025-09-11 07:10:19,800 - DEBUG - Found section: Chapter_V (skip: False)
2025-09-11 07:10:19,801 - DEBUG - Found section: Annex_I (skip: False)
2025-09-11 07:10:19,801 - DEBUG - Found section: Chapter_V (skip: False)
2025-09-11 07:10:19,802 - DEBUG - Found section: Chapter_VI (skip: False)
2025-09-11 07:10:19,803 - DEBUG - Found section: Chapter_VI (skip: False)
2025-09-11 07:10:19,804 - DEBUG - Found section: Chapter_VI (skip: False)
2025-09-11 07:10:19,806 - DEBUG - Found section: Chapter_VI (skip: False)
2025-09-11 07:10:19,807 - DEBUG - Found section: Chapter_VI (skip: False)
2025-09-11 07:10:19,808 - DEBUG - Found section: Chapter_VI (skip: False)
2025-09-11 07:10:19,810 - DEBUG - Found section: Chapter_VI (skip: False)
2025-09-11 07:10:19,812 - DEBUG - Found section: Chapter_VI (skip: False)
2025-09-11 07:10:19,813 - DEBUG - Found section: Chapter_VI (skip: False)
2025-09-11 07:10:19,814 - DEBUG - Found section: Chapter_VI (skip: False)
2025-09-11 07:10:19,816 - DEBUG - Found section: Chapter_VI (skip: False)
2025-09-11 07:10:19,817 - DEBUG - Found section: Chapter_VI (skip: False)
2025-09-11 07:10:19,819 - DEBUG - Found section: Chapter_VI (skip: False)
2025-09-11 07:10:19,820 - DEBUG - Found section: Chapter_VI (skip: False)
2025-09-11 07:10:19,821 - DEBUG - Found section: Chapter_VI (skip: False)
2025-09-11 07:10:19,822 - DEBUG - Found section: Chapter_VI (skip: False)
2025-09-11 07:10:19,824 - DEBUG - Found section: Chapter_VI (skip: False)
2025-09-11 07:10:19,825 - DEBUG - Found section: Chapter_VI (skip: False)
2025-09-11 07:10:19,828 - DEBUG - Found section: Chapter_VI (skip: False)
2025-09-11 07:10:19,830 - DEBUG - Found section: Chapter_VI (skip: False)
2025-09-11 07:10:19,832 - DEBUG - Found section: Chapter_VI (skip: False)
2025-09-11 07:10:19,835 - DEBUG - Found section: Chapter_VI (skip: False)
2025-09-11 07:10:19,837 - DEBUG - Found section: Chapter_VI (skip: False)
2025-09-11 07:10:19,840 - DEBUG - Found section: Chapter_VI (skip: False)
2025-09-11 07:10:19,843 - DEBUG - Found section: Chapter_VI (skip: False)
2025-09-11 07:10:19,846 - DEBUG - Found section: Chapter_VI (skip: False)
2025-09-11 07:10:19,847 - DEBUG - Found section: Chapter_VI (skip: False)
2025-09-11 07:10:19,849 - DEBUG - Found section: Chapter_VI (skip: False)
2025-09-11 07:10:19,850 - DEBUG - Found section: Chapter_VI (skip: False)
2025-09-11 07:10:19,852 - DEBUG - Found section: Chapter_VI (skip: False)
2025-09-11 07:10:19,853 - DEBUG - Found section: Chapter_VI (skip: False)
2025-09-11 07:10:19,856 - DEBUG - Found section: Chapter_VI (skip: False)
2025-09-11 07:10:19,858 - DEBUG - Found section: Chapter_VI (skip: False)
2025-09-11 07:10:19,860 - DEBUG - Found section: Chapter_VI (skip: False)
2025-09-11 07:10:19,861 - DEBUG - Found section: Chapter_VII (skip: False)
2025-09-11 07:10:19,864 - DEBUG - Found section: Chapter_VII (skip: False)
2025-09-11 07:10:19,866 - DEBUG - Found section: Chapter_VII (skip: False)
2025-09-11 07:10:19,867 - DEBUG - Found section: Chapter_VII (skip: False)
2025-09-11 07:10:19,870 - DEBUG - Found section: Chapter_VII (skip: False)
2025-09-11 07:10:19,871 - DEBUG - Found section: Chapter_VII (skip: False)
2025-09-11 07:10:19,873 - DEBUG - Found section: Chapter_VII (skip: False)
2025-09-11 07:10:19,875 - DEBUG - Found section: Chapter_VII (skip: False)
2025-09-11 07:10:19,877 - DEBUG - Found section: Chapter_VII (skip: False)
2025-09-11 07:10:19,879 - DEBUG - Found section: Chapter_VII (skip: False)
2025-09-11 07:10:19,881 - DEBUG - Found section: Chapter_VII (skip: False)
2025-09-11 07:10:19,883 - DEBUG - Found section: Chapter_VII (skip: False)
2025-09-11 07:10:19,884 - DEBUG - Found section: Chapter_VIII (skip: False)
2025-09-11 07:10:19,887 - DEBUG - Found section: Chapter_VIII (skip: False)
2025-09-11 07:10:19,888 - DEBUG - Found section: Chapter_VI (skip: False)
2025-09-11 07:10:19,888 - DEBUG - Found section: Chapter_VII (skip: False)
2025-09-11 07:10:19,889 - DEBUG - Found section: Chapter_VIII (skip: False)
2025-09-11 07:10:19,890 - DEBUG - Found section: Chapter_VIII (skip: False)
2025-09-11 07:10:19,892 - DEBUG - Found section: Chapter_VIII (skip: False)
2025-09-11 07:10:19,896 - DEBUG - Found section: Chapter_VIII (skip: False)
2025-09-11 07:10:19,900 - DEBUG - Found section: Chapter_VIII (skip: False)
2025-09-11 07:10:19,903 - DEBUG - Found section: Chapter_VIII (skip: False)
2025-09-11 07:10:19,905 - DEBUG - Found section: Chapter_VIII (skip: False)
2025-09-11 07:10:19,907 - DEBUG - Found section: Chapter_VIII (skip: False)
2025-09-11 07:10:19,907 - DEBUG - Found section: Chapter_IX (skip: False)
2025-09-11 07:10:19,909 - DEBUG - Found section: Chapter_IX (skip: False)
2025-09-11 07:10:19,910 - DEBUG - Found section: Chapter_IX (skip: False)
2025-09-11 07:10:19,914 - DEBUG - Found section: Chapter_IX (skip: False)
2025-09-11 07:10:19,916 - DEBUG - Found section: Chapter_IX (skip: False)
2025-09-11 07:10:19,919 - DEBUG - Found section: Chapter_IX (skip: False)
2025-09-11 07:10:19,921 - DEBUG - Found section: Chapter_IX (skip: False)
2025-09-11 07:10:19,924 - DEBUG - Found section: Chapter_IX (skip: False)
2025-09-11 07:10:19,927 - DEBUG - Found section: Chapter_IX (skip: False)
2025-09-11 07:10:19,929 - DEBUG - Found section: Chapter_IX (skip: False)
2025-09-11 07:10:19,931 - DEBUG - Found section: Chapter_IX (skip: False)
2025-09-11 07:10:19,934 - DEBUG - Found section: Chapter_IX (skip: False)
2025-09-11 07:10:19,935 - DEBUG - Found section: Chapter_IX (skip: False)
2025-09-11 07:10:19,936 - DEBUG - Found section: Chapter_IX (skip: False)
2025-09-11 07:10:19,938 - DEBUG - Found section: Chapter_IX (skip: False)
2025-09-11 07:10:19,940 - DEBUG - Found section: Chapter_IX (skip: False)
2025-09-11 07:10:19,943 - DEBUG - Found section: Chapter_IX (skip: False)
2025-09-11 07:10:19,945 - DEBUG - Found section: Chapter_IX (skip: False)
2025-09-11 07:10:19,948 - DEBUG - Found section: Chapter_IX (skip: False)
2025-09-11 07:10:19,950 - DEBUG - Found section: Chapter_IX (skip: False)
2025-09-11 07:10:19,952 - DEBUG - Found section: Chapter_IX (skip: False)
2025-09-11 07:10:19,954 - DEBUG - Found section: Chapter_IX (skip: False)
2025-09-11 07:10:19,956 - DEBUG - Found section: Chapter_IX (skip: False)
2025-09-11 07:10:19,957 - DEBUG - Found section: Chapter_X (skip: False)
2025-09-11 07:10:19,958 - DEBUG - Found section: Chapter_X (skip: False)
2025-09-11 07:10:19,960 - DEBUG - Found section: Chapter_X (skip: False)
2025-09-11 07:10:19,963 - DEBUG - Found section: Chapter_X (skip: False)
2025-09-11 07:10:19,965 - DEBUG - Found section: Chapter_X (skip: False)
2025-09-11 07:10:19,966 - DEBUG - Found section: Chapter_X (skip: False)
2025-09-11 07:10:19,967 - DEBUG - Found section: Chapter_X (skip: False)
2025-09-11 07:10:19,968 - DEBUG - Found section: Chapter_X (skip: False)
2025-09-11 07:10:19,970 - DEBUG - Found section: Chapter_X (skip: False)
2025-09-11 07:10:19,971 - DEBUG - Found section: Chapter_X (skip: False)
2025-09-11 07:10:19,972 - DEBUG - Found section: Chapter_X (skip: False)
2025-09-11 07:10:19,974 - DEBUG - Found section: Chapter_X (skip: False)
2025-09-11 07:10:19,975 - DEBUG - Found section: Chapter_X (skip: False)
2025-09-11 07:10:19,976 - DEBUG - Found section: Chapter_X (skip: False)
2025-09-11 07:10:19,980 - DEBUG - Found section: Chapter_X (skip: False)
2025-09-11 07:10:19,982 - DEBUG - Found section: Chapter_X (skip: False)
2025-09-11 07:10:19,984 - DEBUG - Found section: Chapter_X (skip: False)
2025-09-11 07:10:19,986 - DEBUG - Found section: Chapter_X (skip: False)
2025-09-11 07:10:19,987 - DEBUG - Found section: Chapter_X (skip: False)
2025-09-11 07:10:19,988 - DEBUG - Found section: Chapter_X (skip: False)
2025-09-11 07:10:19,990 - DEBUG - Found section: Chapter_X (skip: False)
2025-09-11 07:10:19,992 - DEBUG - Found section: Chapter_X (skip: False)
2025-09-11 07:10:19,995 - DEBUG - Found section: Chapter_X (skip: False)
2025-09-11 07:10:19,996 - DEBUG - Found section: Chapter_X (skip: False)
2025-09-11 07:10:19,998 - DEBUG - Found section: Chapter_X (skip: False)
2025-09-11 07:10:19,998 - DEBUG - Found section: List_of_annexes (skip: True)
2025-09-11 07:10:20,002 - DEBUG - Found section: Annex_I (skip: False)
2025-09-11 07:10:20,003 - DEBUG - Found section: Annex_I (skip: False)
2025-09-11 07:10:20,004 - DEBUG - Found section: Annex_I (skip: False)
2025-09-11 07:10:20,004 - DEBUG - Found section: Annex_I (skip: False)
2025-09-11 07:10:20,006 - DEBUG - Found section: Annex_I (skip: False)
2025-09-11 07:10:20,007 - DEBUG - Found section: Annex_I (skip: False)
2025-09-11 07:10:20,009 - DEBUG - Found section: Annex_I (skip: False)
2025-09-11 07:10:20,012 - DEBUG - Found section: Annex_I (skip: False)
2025-09-11 07:10:20,013 - DEBUG - Found section: Annex_I (skip: False)
2025-09-11 07:10:20,015 - DEBUG - Found section: Annex_I (skip: False)
2025-09-11 07:10:20,017 - DEBUG - Found section: Annex_I (skip: False)
2025-09-11 07:10:20,018 - DEBUG - Found section: Annex_I (skip: False)
2025-09-11 07:10:20,019 - DEBUG - Found section: Annex_I (skip: False)
2025-09-11 07:10:20,020 - DEBUG - Found section: Annex_I (skip: False)
2025-09-11 07:10:20,021 - DEBUG - Found section: Annex_T (skip: False)
2025-09-11 07:10:20,022 - DEBUG - Found section: Annex_T (skip: False)
2025-09-11 07:10:20,023 - DEBUG - Found section: Annex_I (skip: False)
2025-09-11 07:10:20,024 - DEBUG - Found section: Annex_I (skip: False)
2025-09-11 07:10:20,025 - DEBUG - Found section: Annex_I (skip: False)
2025-09-11 07:10:20,027 - DEBUG - Found section: Annex_I (skip: False)
2025-09-11 07:10:20,029 - DEBUG - Found section: Annex_I (skip: False)
2025-09-11 07:10:20,030 - DEBUG - Found section: Annex_I (skip: False)
2025-09-11 07:10:20,032 - DEBUG - Found section: Annex_I (skip: False)
2025-09-11 07:10:20,034 - DEBUG - Found section: Annex_I (skip: False)
2025-09-11 07:10:20,035 - DEBUG - Found section: Annex_I (skip: False)
2025-09-11 07:10:20,037 - DEBUG - Found section: Annex_I (skip: False)
2025-09-11 07:10:20,038 - DEBUG - Found section: Annex_I (skip: False)
2025-09-11 07:10:20,039 - DEBUG - Found section: Annex_I (skip: False)
2025-09-11 07:10:20,041 - DEBUG - Found section: Annex_I (skip: False)
2025-09-11 07:10:20,043 - DEBUG - Found section: Annex_I (skip: False)
2025-09-11 07:10:20,044 - DEBUG - Found section: Annex_I (skip: False)
2025-09-11 07:10:20,046 - DEBUG - Found section: Annex_I (skip: False)
2025-09-11 07:10:20,048 - DEBUG - Found section: Annex_I (skip: False)
2025-09-11 07:10:20,049 - DEBUG - Found section: Table_of_contents (skip: True)
2025-09-11 07:10:20,050 - DEBUG - Found section: Annex_I (skip: False)
2025-09-11 07:10:20,051 - DEBUG - Found section: Annex_I (skip: False)
2025-09-11 07:10:20,052 - DEBUG - Found section: Annex_I (skip: False)
2025-09-11 07:10:20,054 - DEBUG - Found section: Annex_I (skip: False)
2025-09-11 07:10:20,055 - DEBUG - Found section: Annex_I (skip: False)
2025-09-11 07:10:20,056 - DEBUG - Found section: Annex_I (skip: False)
2025-09-11 07:10:20,058 - DEBUG - Found section: Annex_I (skip: False)
2025-09-11 07:10:20,059 - DEBUG - Found section: Annex_I (skip: False)
2025-09-11 07:10:20,060 - DEBUG - Found section: Annex_I (skip: False)
2025-09-11 07:10:20,061 - DEBUG - Found section: Annex_I (skip: False)
2025-09-11 07:10:20,063 - DEBUG - Found section: Annex_I (skip: False)
2025-09-11 07:10:20,064 - DEBUG - Found section: Annex_I (skip: False)
2025-09-11 07:10:20,065 - DEBUG - Found section: Annex_I (skip: False)
2025-09-11 07:10:20,087 - DEBUG - Found section: Annex_I (skip: False)
2025-09-11 07:10:20,088 - DEBUG - Found section: Glossary (skip: True)
2025-09-11 07:10:20,090 - DEBUG - Found section: Annex_I (skip: False)
2025-09-11 07:10:20,092 - DEBUG - Found section: Annex_I (skip: False)
2025-09-11 07:10:20,094 - DEBUG - Found section: Annex_I (skip: False)
2025-09-11 07:10:20,096 - DEBUG - Found section: Annex_I (skip: False)
2025-09-11 07:10:20,098 - DEBUG - Found section: Annex_I (skip: False)
2025-09-11 07:10:20,100 - DEBUG - Found section: Annex_I (skip: False)
2025-09-11 07:10:20,102 - DEBUG - Found section: Annex_I (skip: False)
2025-09-11 07:10:20,104 - DEBUG - Found section: Annex_I (skip: False)
2025-09-11 07:10:20,106 - DEBUG - Found section: Annex_I (skip: False)
2025-09-11 07:10:20,108 - DEBUG - Found section: Annex_I (skip: False)
2025-09-11 07:10:20,111 - DEBUG - Found section: Annex_I (skip: False)
2025-09-11 07:10:20,113 - DEBUG - Found section: Annex_I (skip: False)
2025-09-11 07:10:20,113 - DEBUG - Found section: Annex_I (skip: False)
2025-09-11 07:10:20,115 - DEBUG - Found section: Annex_I (skip: False)
2025-09-11 07:10:20,116 - DEBUG - Found section: Annex_I (skip: False)
2025-09-11 07:10:20,117 - DEBUG - Found section: Annex_I (skip: False)
2025-09-11 07:10:20,118 - DEBUG - Found section: Annex_I (skip: False)
2025-09-11 07:10:20,119 - DEBUG - Found section: Annex_I (skip: False)
2025-09-11 07:10:20,120 - DEBUG - Found section: Annex_I (skip: False)
2025-09-11 07:10:20,124 - DEBUG - Found section: Annex_I (skip: False)
2025-09-11 07:10:20,131 - DEBUG - Found section: Annex_I (skip: False)
2025-09-11 07:10:20,134 - DEBUG - Found section: Annex_I (skip: False)
2025-09-11 07:10:20,136 - DEBUG - Found section: Annex_I (skip: False)
2025-09-11 07:10:20,137 - DEBUG - Found section: Annex_I (skip: False)
2025-09-11 07:10:20,138 - DEBUG - Found section: Annex_I (skip: False)
2025-09-11 07:10:20,139 - DEBUG - Found section: Annex_I (skip: False)
2025-09-11 07:10:20,141 - DEBUG - Found section: Annex_I (skip: False)
2025-09-11 07:10:20,142 - DEBUG - Found section: Annex_I (skip: False)
2025-09-11 07:10:20,144 - DEBUG - Found section: Annex_I (skip: False)
2025-09-11 07:10:20,146 - DEBUG - Found section: Annex_I (skip: False)
2025-09-11 07:10:20,148 - DEBUG - Found section: Annex_I (skip: False)
2025-09-11 07:10:20,150 - DEBUG - Found section: Annex_I (skip: False)
2025-09-11 07:10:20,151 - DEBUG - Found section: Annex_I (skip: False)
2025-09-11 07:10:20,152 - DEBUG - Found section: Annex_I (skip: False)
2025-09-11 07:10:20,154 - DEBUG - Found section: Annex_I (skip: False)
2025-09-11 07:10:20,155 - DEBUG - Found section: Annex_I (skip: False)
2025-09-11 07:10:20,156 - DEBUG - Found section: Annex_I (skip: False)
2025-09-11 07:10:20,158 - DEBUG - Found section: Annex_I (skip: False)
2025-09-11 07:10:20,160 - DEBUG - Found section: Annex_I (skip: False)
2025-09-11 07:10:20,162 - DEBUG - Found section: Annex_I (skip: False)
2025-09-11 07:10:20,164 - DEBUG - Found section: Annex_I (skip: False)
2025-09-11 07:10:20,165 - DEBUG - Found section: Annex_I (skip: False)
2025-09-11 07:10:20,167 - DEBUG - Found section: Annex_I (skip: False)
2025-09-11 07:10:20,169 - DEBUG - Found section: Annex_I (skip: False)
2025-09-11 07:10:20,170 - DEBUG - Found section: Annex_I (skip: False)
2025-09-11 07:10:20,170 - DEBUG - Found section: Annex_T (skip: False)
2025-09-11 07:10:20,172 - DEBUG - Found section: Annex_T (skip: False)
2025-09-11 07:10:20,173 - DEBUG - Found section: Annex_T (skip: False)
2025-09-11 07:10:20,174 - DEBUG - Found section: Annex_T (skip: False)
2025-09-11 07:10:20,176 - INFO - Successfully processed OECD_TPG_EN_2022.pdf: 634 pages, 13 sections
2025-09-11 07:10:20,190 - INFO - Saved EN_2022.json
